// Jest Snapshot v1, https://goo.gl/fbAQLP

exports[`Test en <AppScren />  Se debe mostrar el componente correctamente 1`] = `
<div
  className="container"
>
  <div
    className="calculator-container"
  >
    <div
      className="screen"
    >
      <span>
        0
      </span>
    </div>
    <div
      className="row"
    >
      <div
        className="item"
        id="c"
        onClick={[Function]}
        role="button"
      >
        C
      </div>
      <div
        className="item"
        id="invert"
        onClick={[Function]}
        role="button"
      >
        +/-
      </div>
      <div
        className="item"
        id="mod"
        onClick={[Function]}
        role="button"
      >
        %
      </div>
      <div
        className="item"
        id="div"
        onClick={[Function]}
        role="button"
      >
        /
      </div>
    </div>
    <div
      className="row"
    >
      <div
        className="item"
        id="siete"
        onClick={[Function]}
        role="button"
      >
        7
      </div>
      <div
        className="item"
        id="ocho"
        onClick={[Function]}
        role="button"
      >
        8
      </div>
      <div
        className="item"
        id="nueve"
        onClick={[Function]}
        role="button"
      >
        9
      </div>
      <div
        className="item"
        id="multi"
        onClick={[Function]}
        role="button"
      >
        X
      </div>
    </div>
    <div
      className="row"
    >
      <div
        className="item"
        id="cuatro"
        onClick={[Function]}
        role="button"
      >
        4
      </div>
      <div
        className="item"
        id="cinco"
        onClick={[Function]}
        role="button"
      >
        5
      </div>
      <div
        className="item"
        id="seis"
        onClick={[Function]}
        role="button"
      >
        6
      </div>
      <div
        className="item"
        id="rest"
        onClick={[Function]}
        role="button"
      >
        -
      </div>
    </div>
    <div
      className="row"
    >
      <div
        className="item"
        id="uno"
        onClick={[Function]}
        role="button"
      >
        1
      </div>
      <div
        className="item"
        id="dos"
        onClick={[Function]}
        role="button"
      >
        2
      </div>
      <div
        className="item"
        id="tres"
        onClick={[Function]}
        role="button"
      >
        3
      </div>
      <div
        className="item"
        id="sum"
        onClick={[Function]}
        role="button"
      >
        +
      </div>
    </div>
    <div
      className="row"
    >
      <div
        className="item special"
        id="cero"
        onClick={[Function]}
        role="button"
      >
        0
      </div>
      <div
        className="item"
        id="dot"
        onClick={[Function]}
        role="button"
      >
        .
      </div>
      <div
        className="item"
        id="equal"
        onClick={[Function]}
        role="button"
      >
        =
      </div>
    </div>
  </div>
</div>
`;
